> Task :preBuild UP-TO-DATE
> Task :preReleaseBuild UP-TO-DATE
> Task :mergeReleaseJniLibFolders UP-TO-DATE
> Task :mergeReleaseNativeLibs NO-SOURCE
> Task :stripReleaseDebugSymbols NO-SOURCE
> Task :copyReleaseJniLibsProjectAndLocalJars UP-TO-DATE
> Task :generateReleaseResValues UP-TO-DATE
> Task :extractDeepLinksForAarRelease UP-TO-DATE
> Task :checkKotlinGradlePluginConfigurationErrors SKIPPED
> Task :generateReleaseResources UP-TO-DATE
> Task :packageReleaseResources UP-TO-DATE
> Task :parseReleaseLocalResources UP-TO-DATE
> Task :javaPreCompileRelease UP-TO-DATE
> Task :mergeReleaseShaders UP-TO-DATE
> Task :compileReleaseShaders NO-SOURCE
> Task :generateReleaseAssets UP-TO-DATE
> Task :packageReleaseAssets UP-TO-DATE
> Task :prepareLintJarForPublish UP-TO-DATE
> Task :prepareReleaseArtProfile UP-TO-DATE
> Task :processReleaseManifest UP-TO-DATE
> Task :writeReleaseAarMetadata UP-TO-DATE
> Task :generateReleaseRFile
> Task :mapReleaseSourceSetPaths FAILED

FAILURE: Build failed with an exception.

* What went wrong:
Execution failed for task ':mapReleaseSourceSetPaths'.
> Configuration `:releaseRuntimeClasspath` contains AndroidX dependencies, but the `android.useAndroidX` property is not enabled, which may cause runtime issues.
  Set `android.useAndroidX=true` in the `gradle.properties` file and retry.
  The following AndroidX dependencies are detected:
  :releaseRuntimeClasspath -> androidx.core:core-ktx:1.12.0
  :releaseRuntimeClasspath -> com.google.android.material:material:1.11.0 -> androidx.annotation:annotation:1.6.0
  :releaseRuntimeClasspath -> com.google.android.material:material:1.11.0 -> androidx.annotation:annotation:1.6.0 -> androidx.annotation:annotation-jvm:1.6.0
  :releaseRuntimeClasspath -> com.google.android.material:material:1.11.0 -> androidx.core:core:1.12.0
  :releaseRuntimeClasspath -> com.google.android.material:material:1.11.0 -> androidx.annotation:annotation-experimental:1.3.0
  :releaseRuntimeClasspath -> androidx.appcompat:appcompat:1.6.1 -> androidx.appcompat:appcompat-resources:1.6.1 -> androidx.collection:collection:1.1.0
  :releaseRuntimeClasspath -> com.google.firebase:firebase-bom:32.7.4 -> com.google.firebase:firebase-common:20.4.2 -> androidx.concurrent:concurrent-futures:1.1.0
  :releaseRuntimeClasspath -> androidx.appcompat:appcompat:1.6.1 -> androidx.appcompat:appcompat-resources:1.6.1 -> androidx.vectordrawable:vectordrawable-animated:1.1.0 -> androidx.interpolator:interpolator:1.0.0
  :releaseRuntimeClasspath -> com.google.android.material:material:1.11.0 -> androidx.lifecycle:lifecycle-runtime:2.6.1
  :releaseRuntimeClasspath -> androidx.appcompat:appcompat:1.6.1 -> androidx.savedstate:savedstate:1.2.1 -> androidx.arch.core:core-common:2.2.0
  :releaseRuntimeClasspath -> com.google.android.gms:play-services-ads:23.0.0 -> com.google.android.gms:play-services-ads-lite:23.0.0 -> androidx.work:work-runtime:2.7.0 -> androidx.lifecycle:lifecycle-service:2.6.1 -> androidx.lifecycle:lifecycle-livedata-core:2.6.1 -> androidx.arch.core:core-runtime:2.2.0
  :releaseRuntimeClasspath -> androidx.appcompat:appcompat:1.6.1 -> androidx.savedstate:savedstate:1.2.1 -> androidx.lifecycle:lifecycle-common:2.6.1
  :releaseRuntimeClasspath -> com.google.android.material:material:1.11.0 -> androidx.fragment:fragment:1.3.6
  :releaseRuntimeClasspath -> com.google.android.material:material:1.11.0 -> androidx.fragment:fragment:1.3.6 -> androidx.viewpager:viewpager:1.0.0
  :releaseRuntimeClasspath -> androidx.recyclerview:recyclerview:1.3.2 -> androidx.customview:customview:1.1.0
  :releaseRuntimeClasspath -> com.google.android.material:material:1.11.0 -> androidx.dynamicanimation:dynamicanimation:1.0.0 -> androidx.legacy:legacy-support-core-utils:1.0.0 -> androidx.loader:loader:1.0.0
  :releaseRuntimeClasspath -> com.google.android.material:material:1.11.0 -> androidx.dynamicanimation:dynamicanimation:1.0.0 -> androidx.legacy:legacy-support-core-utils:1.0.0 -> androidx.loader:loader:1.0.0 -> androidx.lifecycle:lifecycle-livedata:2.6.1
  :releaseRuntimeClasspath -> com.google.android.gms:play-services-ads:23.0.0 -> com.google.android.gms:play-services-ads-lite:23.0.0 -> androidx.work:work-runtime:2.7.0 -> androidx.lifecycle:lifecycle-service:2.6.1 -> androidx.lifecycle:lifecycle-livedata-core:2.6.1
  :releaseRuntimeClasspath -> androidx.appcompat:appcompat:1.6.1 -> androidx.emoji2:emoji2:1.2.0 -> androidx.lifecycle:lifecycle-process:2.6.1
  :releaseRuntimeClasspath -> androidx.appcompat:appcompat:1.6.1 -> androidx.emoji2:emoji2:1.2.0 -> androidx.startup:startup-runtime:1.1.1
  :releaseRuntimeClasspath -> com.google.android.material:material:1.11.0 -> androidx.activity:activity:1.8.0 -> androidx.tracing:tracing:1.0.0
  :releaseRuntimeClasspath -> com.google.android.gms:play-services-ads:23.0.0 -> com.google.android.gms:play-services-ads-lite:23.0.0 -> androidx.work:work-runtime:2.7.0 -> androidx.lifecycle:lifecycle-service:2.6.1
  :releaseRuntimeClasspath -> androidx.appcompat:appcompat:1.6.1 -> androidx.lifecycle:lifecycle-viewmodel:2.6.1
  :releaseRuntimeClasspath -> com.google.android.material:material:1.11.0 -> androidx.activity:activity:1.8.0 -> androidx.lifecycle:lifecycle-viewmodel-savedstate:2.6.1
  :releaseRuntimeClasspath -> androidx.appcompat:appcompat:1.6.1 -> androidx.savedstate:savedstate:1.2.1
  :releaseRuntimeClasspath -> com.google.android.material:material:1.11.0 -> androidx.activity:activity:1.8.0
  :releaseRuntimeClasspath -> com.google.android.material:material:1.11.0 -> androidx.activity:activity:1.8.0 -> androidx.profileinstaller:profileinstaller:1.3.0
  :releaseRuntimeClasspath -> com.google.android.material:material:1.11.0 -> androidx.core:core:1.12.0 -> androidx.versionedparcelable:versionedparcelable:1.1.1
  :releaseRuntimeClasspath -> androidx.appcompat:appcompat:1.6.1
  :releaseRuntimeClasspath -> androidx.appcompat:appcompat:1.6.1 -> androidx.appcompat:appcompat-resources:1.6.1
  :releaseRuntimeClasspath -> com.google.android.material:material:1.11.0 -> androidx.vectordrawable:vectordrawable:1.1.0
  :releaseRuntimeClasspath -> androidx.appcompat:appcompat:1.6.1 -> androidx.appcompat:appcompat-resources:1.6.1 -> androidx.vectordrawable:vectordrawable-animated:1.1.0
  :releaseRuntimeClasspath -> androidx.appcompat:appcompat:1.6.1 -> androidx.cursoradapter:cursoradapter:1.0.0
  :releaseRuntimeClasspath -> com.google.android.material:material:1.11.0 -> androidx.drawerlayout:drawerlayout:1.1.1
  :releaseRuntimeClasspath -> androidx.appcompat:appcompat:1.6.1 -> androidx.emoji2:emoji2:1.2.0
  :releaseRuntimeClasspath -> androidx.appcompat:appcompat:1.6.1 -> androidx.emoji2:emoji2-views-helper:1.2.0
  :releaseRuntimeClasspath -> com.google.android.material:material:1.11.0 -> androidx.resourceinspection:resourceinspection-annotation:1.0.1
  :releaseRuntimeClasspath -> com.google.android.material:material:1.11.0
  :releaseRuntimeClasspath -> com.google.android.material:material:1.11.0 -> androidx.cardview:cardview:1.0.0
  :releaseRuntimeClasspath -> com.google.android.material:material:1.11.0 -> androidx.coordinatorlayout:coordinatorlayout:1.1.0
  :releaseRuntimeClasspath -> com.google.android.material:material:1.11.0 -> androidx.constraintlayout:constraintlayout:2.0.1
  :releaseRuntimeClasspath -> com.google.android.material:material:1.11.0 -> androidx.constraintlayout:constraintlayout:2.0.1 -> androidx.constraintlayout:constraintlayout-solver:2.0.1
  :releaseRuntimeClasspath -> com.google.android.material:material:1.11.0 -> androidx.dynamicanimation:dynamicanimation:1.0.0
  :releaseRuntimeClasspath -> com.google.android.material:material:1.11.0 -> androidx.dynamicanimation:dynamicanimation:1.0.0 -> androidx.legacy:legacy-support-core-utils:1.0.0
  :releaseRuntimeClasspath -> com.google.android.material:material:1.11.0 -> androidx.dynamicanimation:dynamicanimation:1.0.0 -> androidx.legacy:legacy-support-core-utils:1.0.0 -> androidx.documentfile:documentfile:1.0.0
  :releaseRuntimeClasspath -> com.google.firebase:firebase-bom:32.7.4 -> com.google.firebase:firebase-auth:22.3.1 -> androidx.localbroadcastmanager:localbroadcastmanager:1.0.0
  :releaseRuntimeClasspath -> com.google.android.material:material:1.11.0 -> androidx.dynamicanimation:dynamicanimation:1.0.0 -> androidx.legacy:legacy-support-core-utils:1.0.0 -> androidx.print:print:1.0.0
  :releaseRuntimeClasspath -> androidx.recyclerview:recyclerview:1.3.2
  :releaseRuntimeClasspath -> androidx.recyclerview:recyclerview:1.3.2 -> androidx.customview:customview-poolingcontainer:1.0.0
  :releaseRuntimeClasspath -> androidx.viewpager2:viewpager2:1.1.0-beta02
  :releaseRuntimeClasspath -> com.google.android.material:material:1.11.0 -> androidx.transition:transition:1.2.0
  :releaseRuntimeClasspath -> com.google.android.gms:play-services-ads:23.0.0 -> androidx.browser:browser:1.4.0
  :releaseRuntimeClasspath -> com.google.android.gms:play-services-ads:23.0.0 -> androidx.privacysandbox.ads:ads-adservices:1.0.0-beta05
  :releaseRuntimeClasspath -> com.google.android.gms:play-services-ads:23.0.0 -> androidx.privacysandbox.ads:ads-adservices-java:1.0.0-beta05
  :releaseRuntimeClasspath -> com.google.android.gms:play-services-ads:23.0.0 -> com.google.android.gms:play-services-ads-lite:23.0.0 -> androidx.work:work-runtime:2.7.0
  :releaseRuntimeClasspath -> com.google.android.gms:play-services-ads:23.0.0 -> com.google.android.gms:play-services-ads-lite:23.0.0 -> androidx.work:work-runtime:2.7.0 -> androidx.room:room-runtime:2.2.5
  :releaseRuntimeClasspath -> com.google.android.gms:play-services-ads:23.0.0 -> com.google.android.gms:play-services-ads-lite:23.0.0 -> androidx.work:work-runtime:2.7.0 -> androidx.room:room-runtime:2.2.5 -> androidx.room:room-common:2.2.5
  :releaseRuntimeClasspath -> com.google.android.gms:play-services-ads:23.0.0 -> com.google.android.gms:play-services-ads-lite:23.0.0 -> androidx.work:work-runtime:2.7.0 -> androidx.sqlite:sqlite-framework:2.1.0
  :releaseRuntimeClasspath -> com.google.android.gms:play-services-ads:23.0.0 -> com.google.android.gms:play-services-ads-lite:23.0.0 -> androidx.work:work-runtime:2.7.0 -> androidx.sqlite:sqlite:2.1.0

* Try:
> Run with --info or --debug option to get more log output.
> Run with --scan to generate a Build Scan (Powered by Develocity).
> Get more help at https://help.gradle.org.

* Exception is:
org.gradle.api.tasks.TaskExecutionException: Execution failed for task ':mapReleaseSourceSetPaths'.
	at org.gradle.api.internal.tasks.execution.CatchExceptionTaskExecuter.execute(CatchExceptionTaskExecuter.java:38)
	at org.gradle.api.internal.tasks.execution.EventFiringTaskExecuter$1.executeTask(EventFiringTaskExecuter.java:77)
	at org.gradle.api.internal.tasks.execution.EventFiringTaskExecuter$1.call(EventFiringTaskExecuter.java:55)
	at org.gradle.api.internal.tasks.execution.EventFiringTaskExecuter$1.call(EventFiringTaskExecuter.java:52)
	at org.gradle.internal.operations.DefaultBuildOperationRunner$CallableBuildOperationWorker.execute(DefaultBuildOperationRunner.java:209)
	at org.gradle.internal.operations.DefaultBuildOperationRunner$CallableBuildOperationWorker.execute(DefaultBuildOperationRunner.java:204)
	at org.gradle.internal.operations.DefaultBuildOperationRunner$2.execute(DefaultBuildOperationRunner.java:66)
	at org.gradle.internal.operations.DefaultBuildOperationRunner$2.execute(DefaultBuildOperationRunner.java:59)
	at org.gradle.internal.operations.DefaultBuildOperationRunner.execute(DefaultBuildOperationRunner.java:166)
	at org.gradle.internal.operations.DefaultBuildOperationRunner.execute(DefaultBuildOperationRunner.java:59)
	at org.gradle.internal.operations.DefaultBuildOperationRunner.call(DefaultBuildOperationRunner.java:53)
	at org.gradle.api.internal.tasks.execution.EventFiringTaskExecuter.execute(EventFiringTaskExecuter.java:52)
	at org.gradle.execution.plan.LocalTaskNodeExecutor.execute(LocalTaskNodeExecutor.java:45)
	at org.gradle.execution.taskgraph.DefaultTaskExecutionGraph$InvokeNodeExecutorsAction.execute(DefaultTaskExecutionGraph.java:347)
	at org.gradle.execution.taskgraph.DefaultTaskExecutionGraph$InvokeNodeExecutorsAction.execute(DefaultTaskExecutionGraph.java:334)
	at org.gradle.execution.taskgraph.DefaultTaskExecutionGraph$BuildOperationAwareExecutionAction.lambda$execute$0(DefaultTaskExecutionGraph.java:330)
	at org.gradle.internal.operations.CurrentBuildOperationRef.with(CurrentBuildOperationRef.java:84)
	at org.gradle.execution.taskgraph.DefaultTaskExecutionGraph$BuildOperationAwareExecutionAction.execute(DefaultTaskExecutionGraph.java:330)
	at org.gradle.execution.taskgraph.DefaultTaskExecutionGraph$BuildOperationAwareExecutionAction.execute(DefaultTaskExecutionGraph.java:319)
	at org.gradle.execution.plan.DefaultPlanExecutor$ExecutorWorker.execute(DefaultPlanExecutor.java:459)
	at org.gradle.execution.plan.DefaultPlanExecutor$ExecutorWorker.run(DefaultPlanExecutor.java:376)
	at org.gradle.internal.concurrent.ExecutorPolicy$CatchAndRecordFailures.onExecute(ExecutorPolicy.java:64)
	at org.gradle.internal.concurrent.AbstractManagedExecutor$1.run(AbstractManagedExecutor.java:47)
Caused by: com.android.builder.errors.EvalIssueException: Configuration `:releaseRuntimeClasspath` contains AndroidX dependencies, but the `android.useAndroidX` property is not enabled, which may cause runtime issues.
Set `android.useAndroidX=true` in the `gradle.properties` file and retry.
The following AndroidX dependencies are detected:
:releaseRuntimeClasspath -> androidx.core:core-ktx:1.12.0
:releaseRuntimeClasspath -> com.google.android.material:material:1.11.0 -> androidx.annotation:annotation:1.6.0
:releaseRuntimeClasspath -> com.google.android.material:material:1.11.0 -> androidx.annotation:annotation:1.6.0 -> androidx.annotation:annotation-jvm:1.6.0
:releaseRuntimeClasspath -> com.google.android.material:material:1.11.0 -> androidx.core:core:1.12.0
:releaseRuntimeClasspath -> com.google.android.material:material:1.11.0 -> androidx.annotation:annotation-experimental:1.3.0
:releaseRuntimeClasspath -> androidx.appcompat:appcompat:1.6.1 -> androidx.appcompat:appcompat-resources:1.6.1 -> androidx.collection:collection:1.1.0
:releaseRuntimeClasspath -> com.google.firebase:firebase-bom:32.7.4 -> com.google.firebase:firebase-common:20.4.2 -> androidx.concurrent:concurrent-futures:1.1.0
:releaseRuntimeClasspath -> androidx.appcompat:appcompat:1.6.1 -> androidx.appcompat:appcompat-resources:1.6.1 -> androidx.vectordrawable:vectordrawable-animated:1.1.0 -> androidx.interpolator:interpolator:1.0.0
:releaseRuntimeClasspath -> com.google.android.material:material:1.11.0 -> androidx.lifecycle:lifecycle-runtime:2.6.1
:releaseRuntimeClasspath -> androidx.appcompat:appcompat:1.6.1 -> androidx.savedstate:savedstate:1.2.1 -> androidx.arch.core:core-common:2.2.0
:releaseRuntimeClasspath -> com.google.android.gms:play-services-ads:23.0.0 -> com.google.android.gms:play-services-ads-lite:23.0.0 -> androidx.work:work-runtime:2.7.0 -> androidx.lifecycle:lifecycle-service:2.6.1 -> androidx.lifecycle:lifecycle-livedata-core:2.6.1 -> androidx.arch.core:core-runtime:2.2.0
:releaseRuntimeClasspath -> androidx.appcompat:appcompat:1.6.1 -> androidx.savedstate:savedstate:1.2.1 -> androidx.lifecycle:lifecycle-common:2.6.1
:releaseRuntimeClasspath -> com.google.android.material:material:1.11.0 -> androidx.fragment:fragment:1.3.6
:releaseRuntimeClasspath -> com.google.android.material:material:1.11.0 -> androidx.fragment:fragment:1.3.6 -> androidx.viewpager:viewpager:1.0.0
:releaseRuntimeClasspath -> androidx.recyclerview:recyclerview:1.3.2 -> androidx.customview:customview:1.1.0
:releaseRuntimeClasspath -> com.google.android.material:material:1.11.0 -> androidx.dynamicanimation:dynamicanimation:1.0.0 -> androidx.legacy:legacy-support-core-utils:1.0.0 -> androidx.loader:loader:1.0.0
:releaseRuntimeClasspath -> com.google.android.material:material:1.11.0 -> androidx.dynamicanimation:dynamicanimation:1.0.0 -> androidx.legacy:legacy-support-core-utils:1.0.0 -> androidx.loader:loader:1.0.0 -> androidx.lifecycle:lifecycle-livedata:2.6.1
:releaseRuntimeClasspath -> com.google.android.gms:play-services-ads:23.0.0 -> com.google.android.gms:play-services-ads-lite:23.0.0 -> androidx.work:work-runtime:2.7.0 -> androidx.lifecycle:lifecycle-service:2.6.1 -> androidx.lifecycle:lifecycle-livedata-core:2.6.1
:releaseRuntimeClasspath -> androidx.appcompat:appcompat:1.6.1 -> androidx.emoji2:emoji2:1.2.0 -> androidx.lifecycle:lifecycle-process:2.6.1
:releaseRuntimeClasspath -> androidx.appcompat:appcompat:1.6.1 -> androidx.emoji2:emoji2:1.2.0 -> androidx.startup:startup-runtime:1.1.1
:releaseRuntimeClasspath -> com.google.android.material:material:1.11.0 -> androidx.activity:activity:1.8.0 -> androidx.tracing:tracing:1.0.0
:releaseRuntimeClasspath -> com.google.android.gms:play-services-ads:23.0.0 -> com.google.android.gms:play-services-ads-lite:23.0.0 -> androidx.work:work-runtime:2.7.0 -> androidx.lifecycle:lifecycle-service:2.6.1
:releaseRuntimeClasspath -> androidx.appcompat:appcompat:1.6.1 -> androidx.lifecycle:lifecycle-viewmodel:2.6.1
:releaseRuntimeClasspath -> com.google.android.material:material:1.11.0 -> androidx.activity:activity:1.8.0 -> androidx.lifecycle:lifecycle-viewmodel-savedstate:2.6.1
:releaseRuntimeClasspath -> androidx.appcompat:appcompat:1.6.1 -> androidx.savedstate:savedstate:1.2.1
:releaseRuntimeClasspath -> com.google.android.material:material:1.11.0 -> androidx.activity:activity:1.8.0
:releaseRuntimeClasspath -> com.google.android.material:material:1.11.0 -> androidx.activity:activity:1.8.0 -> androidx.profileinstaller:profileinstaller:1.3.0
:releaseRuntimeClasspath -> com.google.android.material:material:1.11.0 -> androidx.core:core:1.12.0 -> androidx.versionedparcelable:versionedparcelable:1.1.1
:releaseRuntimeClasspath -> androidx.appcompat:appcompat:1.6.1
:releaseRuntimeClasspath -> androidx.appcompat:appcompat:1.6.1 -> androidx.appcompat:appcompat-resources:1.6.1
:releaseRuntimeClasspath -> com.google.android.material:material:1.11.0 -> androidx.vectordrawable:vectordrawable:1.1.0
:releaseRuntimeClasspath -> androidx.appcompat:appcompat:1.6.1 -> androidx.appcompat:appcompat-resources:1.6.1 -> androidx.vectordrawable:vectordrawable-animated:1.1.0
:releaseRuntimeClasspath -> androidx.appcompat:appcompat:1.6.1 -> androidx.cursoradapter:cursoradapter:1.0.0
:releaseRuntimeClasspath -> com.google.android.material:material:1.11.0 -> androidx.drawerlayout:drawerlayout:1.1.1
:releaseRuntimeClasspath -> androidx.appcompat:appcompat:1.6.1 -> androidx.emoji2:emoji2:1.2.0
:releaseRuntimeClasspath -> androidx.appcompat:appcompat:1.6.1 -> androidx.emoji2:emoji2-views-helper:1.2.0
:releaseRuntimeClasspath -> com.google.android.material:material:1.11.0 -> androidx.resourceinspection:resourceinspection-annotation:1.0.1
:releaseRuntimeClasspath -> com.google.android.material:material:1.11.0
:releaseRuntimeClasspath -> com.google.android.material:material:1.11.0 -> androidx.cardview:cardview:1.0.0
:releaseRuntimeClasspath -> com.google.android.material:material:1.11.0 -> androidx.coordinatorlayout:coordinatorlayout:1.1.0
:releaseRuntimeClasspath -> com.google.android.material:material:1.11.0 -> androidx.constraintlayout:constraintlayout:2.0.1
:releaseRuntimeClasspath -> com.google.android.material:material:1.11.0 -> androidx.constraintlayout:constraintlayout:2.0.1 -> androidx.constraintlayout:constraintlayout-solver:2.0.1
:releaseRuntimeClasspath -> com.google.android.material:material:1.11.0 -> androidx.dynamicanimation:dynamicanimation:1.0.0
:releaseRuntimeClasspath -> com.google.android.material:material:1.11.0 -> androidx.dynamicanimation:dynamicanimation:1.0.0 -> androidx.legacy:legacy-support-core-utils:1.0.0
:releaseRuntimeClasspath -> com.google.android.material:material:1.11.0 -> androidx.dynamicanimation:dynamicanimation:1.0.0 -> androidx.legacy:legacy-support-core-utils:1.0.0 -> androidx.documentfile:documentfile:1.0.0
:releaseRuntimeClasspath -> com.google.firebase:firebase-bom:32.7.4 -> com.google.firebase:firebase-auth:22.3.1 -> androidx.localbroadcastmanager:localbroadcastmanager:1.0.0
:releaseRuntimeClasspath -> com.google.android.material:material:1.11.0 -> androidx.dynamicanimation:dynamicanimation:1.0.0 -> androidx.legacy:legacy-support-core-utils:1.0.0 -> androidx.print:print:1.0.0
:releaseRuntimeClasspath -> androidx.recyclerview:recyclerview:1.3.2
:releaseRuntimeClasspath -> androidx.recyclerview:recyclerview:1.3.2 -> androidx.customview:customview-poolingcontainer:1.0.0
:releaseRuntimeClasspath -> androidx.viewpager2:viewpager2:1.1.0-beta02
:releaseRuntimeClasspath -> com.google.android.material:material:1.11.0 -> androidx.transition:transition:1.2.0
:releaseRuntimeClasspath -> com.google.android.gms:play-services-ads:23.0.0 -> androidx.browser:browser:1.4.0
:releaseRuntimeClasspath -> com.google.android.gms:play-services-ads:23.0.0 -> androidx.privacysandbox.ads:ads-adservices:1.0.0-beta05
:releaseRuntimeClasspath -> com.google.android.gms:play-services-ads:23.0.0 -> androidx.privacysandbox.ads:ads-adservices-java:1.0.0-beta05
:releaseRuntimeClasspath -> com.google.android.gms:play-services-ads:23.0.0 -> com.google.android.gms:play-services-ads-lite:23.0.0 -> androidx.work:work-runtime:2.7.0
:releaseRuntimeClasspath -> com.google.android.gms:play-services-ads:23.0.0 -> com.google.android.gms:play-services-ads-lite:23.0.0 -> androidx.work:work-runtime:2.7.0 -> androidx.room:room-runtime:2.2.5
:releaseRuntimeClasspath -> com.google.android.gms:play-services-ads:23.0.0 -> com.google.android.gms:play-services-ads-lite:23.0.0 -> androidx.work:work-runtime:2.7.0 -> androidx.room:room-runtime:2.2.5 -> androidx.room:room-common:2.2.5
:releaseRuntimeClasspath -> com.google.android.gms:play-services-ads:23.0.0 -> com.google.android.gms:play-services-ads-lite:23.0.0 -> androidx.work:work-runtime:2.7.0 -> androidx.sqlite:sqlite-framework:2.1.0
:releaseRuntimeClasspath -> com.google.android.gms:play-services-ads:23.0.0 -> com.google.android.gms:play-services-ads-lite:23.0.0 -> androidx.work:work-runtime:2.7.0 -> androidx.sqlite:sqlite:2.1.0
	at com.android.builder.errors.IssueReporter.reportError(IssueReporter.kt:117)
	at com.android.builder.errors.IssueReporter.reportError$default(IssueReporter.kt:113)
	at com.android.build.gradle.internal.dependency.AndroidXDependencyCheck$AndroidXDisabledJetifierDisabled.execute(AndroidXDependencyCheck.kt:72)
	at com.android.build.gradle.internal.dependency.AndroidXDependencyCheck$AndroidXDisabledJetifierDisabled.execute(AndroidXDependencyCheck.kt:40)
	at org.gradle.internal.code.DefaultUserCodeApplicationContext$CurrentApplication$1.execute(DefaultUserCodeApplicationContext.java:124)
	at org.gradle.internal.event.BroadcastDispatch$ActionInvocationHandler.dispatch(BroadcastDispatch.java:101)
	at org.gradle.internal.event.BroadcastDispatch$ActionInvocationHandler.dispatch(BroadcastDispatch.java:89)
	at org.gradle.internal.event.AbstractBroadcastDispatch.dispatch(AbstractBroadcastDispatch.java:44)
	at org.gradle.internal.event.BroadcastDispatch$SingletonDispatch.dispatch(BroadcastDispatch.java:270)
	at org.gradle.internal.event.BroadcastDispatch$SingletonDispatch.dispatch(BroadcastDispatch.java:172)
	at org.gradle.internal.event.AbstractBroadcastDispatch.dispatch(AbstractBroadcastDispatch.java:84)
	at org.gradle.internal.event.AbstractBroadcastDispatch.dispatch(AbstractBroadcastDispatch.java:70)
	at org.gradle.internal.event.BroadcastDispatch$CompositeDispatch.dispatch(BroadcastDispatch.java:382)
	at org.gradle.internal.event.BroadcastDispatch$CompositeDispatch.dispatch(BroadcastDispatch.java:274)
	at org.gradle.internal.event.ListenerBroadcast.dispatch(ListenerBroadcast.java:160)
	at org.gradle.internal.event.ListenerBroadcast.dispatch(ListenerBroadcast.java:37)
	at org.gradle.internal.dispatch.ProxyDispatchAdapter$DispatchingInvocationHandler.invoke(ProxyDispatchAdapter.java:92)
	at jdk.proxy1/jdk.proxy1.$Proxy78.afterResolve(Unknown Source)
	at org.gradle.api.internal.artifacts.configurations.DefaultConfiguration$1.call(DefaultConfiguration.java:669)
	at org.gradle.api.internal.artifacts.configurations.DefaultConfiguration$1.call(DefaultConfiguration.java:653)
	at org.gradle.internal.operations.DefaultBuildOperationRunner$CallableBuildOperationWorker.execute(DefaultBuildOperationRunner.java:209)
	at org.gradle.internal.operations.DefaultBuildOperationRunner$CallableBuildOperationWorker.execute(DefaultBuildOperationRunner.java:204)
	at org.gradle.internal.operations.DefaultBuildOperationRunner$2.execute(DefaultBuildOperationRunner.java:66)
	at org.gradle.internal.operations.DefaultBuildOperationRunner$2.execute(DefaultBuildOperationRunner.java:59)
	at org.gradle.internal.operations.DefaultBuildOperationRunner.execute(DefaultBuildOperationRunner.java:166)
	at org.gradle.internal.operations.DefaultBuildOperationRunner.execute(DefaultBuildOperationRunner.java:59)
	at org.gradle.internal.operations.DefaultBuildOperationRunner.call(DefaultBuildOperationRunner.java:53)
	at org.gradle.api.internal.artifacts.configurations.DefaultConfiguration.resolveGraphInBuildOperation(DefaultConfiguration.java:653)
	at org.gradle.api.internal.artifacts.configurations.DefaultConfiguration.lambda$resolveExclusivelyIfRequired$3(DefaultConfiguration.java:645)
	at org.gradle.api.internal.project.DefaultProjectStateRegistry$CalculatedModelValueImpl.update(DefaultProjectStateRegistry.java:533)
	at org.gradle.api.internal.artifacts.configurations.DefaultConfiguration.resolveExclusivelyIfRequired(DefaultConfiguration.java:640)
	at org.gradle.api.internal.artifacts.configurations.DefaultConfiguration.resolveGraphIfRequired(DefaultConfiguration.java:633)
	at org.gradle.api.internal.artifacts.configurations.DefaultConfiguration.access$1400(DefaultConfiguration.java:151)
	at org.gradle.api.internal.artifacts.configurations.DefaultConfiguration$ResolverResultsResolutionResultProvider.getValue(DefaultConfiguration.java:615)
	at org.gradle.api.internal.artifacts.configurations.DefaultConfiguration$ResolverResultsResolutionResultProvider.getValue(DefaultConfiguration.java:601)
	at org.gradle.api.internal.artifacts.configurations.ResolutionResultProvider$1.getValue(ResolutionResultProvider.java:54)
	at org.gradle.api.internal.artifacts.configurations.ResolutionResultProviderBackedSelectedArtifactSet.visitArtifacts(ResolutionResultProviderBackedSelectedArtifactSet.java:50)
	at org.gradle.api.internal.artifacts.ivyservice.resolveengine.artifact.SelectedArtifactSet.visitFiles(SelectedArtifactSet.java:34)
	at org.gradle.api.internal.artifacts.configurations.ResolutionBackedFileCollection.visitContents(ResolutionBackedFileCollection.java:75)
	at org.gradle.api.internal.file.AbstractFileCollection.visitStructure(AbstractFileCollection.java:361)
	at org.gradle.api.internal.file.collections.DefaultConfigurableFileCollection.lambda$calculateFinalizedValue$1(DefaultConfigurableFileCollection.java:423)
	at org.gradle.api.internal.file.collections.UnpackingVisitor.add(UnpackingVisitor.java:66)
	at org.gradle.api.internal.file.collections.DefaultConfigurableFileCollection$UnresolvedItemsCollector.visitContents(DefaultConfigurableFileCollection.java:635)
	at org.gradle.api.internal.file.collections.DefaultConfigurableFileCollection.calculateFinalizedValue(DefaultConfigurableFileCollection.java:423)
	at org.gradle.api.internal.file.collections.DefaultConfigurableFileCollection.finalizeNow(DefaultConfigurableFileCollection.java:125)
	at org.gradle.api.internal.file.collections.DefaultConfigurableFileCollection.lambda$visitChildren$2(DefaultConfigurableFileCollection.java:447)
	at org.gradle.api.internal.provider.ValueState.finalizeOnReadIfNeeded(ValueState.java:140)
	at org.gradle.api.internal.file.collections.DefaultConfigurableFileCollection.visitChildren(DefaultConfigurableFileCollection.java:447)
	at org.gradle.api.internal.file.CompositeFileCollection.visitContents(CompositeFileCollection.java:112)
	at org.gradle.api.internal.file.AbstractFileCollection.visitStructure(AbstractFileCollection.java:361)
	at org.gradle.api.internal.file.CompositeFileCollection.lambda$visitContents$0(CompositeFileCollection.java:112)
	at org.gradle.api.internal.file.collections.UnpackingVisitor.add(UnpackingVisitor.java:66)
	at org.gradle.api.internal.file.collections.UnpackingVisitor.add(UnpackingVisitor.java:91)
	at org.gradle.api.internal.file.DefaultFileCollectionFactory$ResolvingFileCollection.visitChildren(DefaultFileCollectionFactory.java:311)
	at org.gradle.api.internal.file.CompositeFileCollection.visitContents(CompositeFileCollection.java:112)
	at org.gradle.api.internal.file.AbstractFileCollection.visitStructure(AbstractFileCollection.java:361)
	at org.gradle.api.internal.file.CompositeFileCollection.lambda$visitContents$0(CompositeFileCollection.java:112)
	at org.gradle.api.internal.tasks.PropertyFileCollection.visitChildren(PropertyFileCollection.java:48)
	at org.gradle.api.internal.file.CompositeFileCollection.visitContents(CompositeFileCollection.java:112)
	at org.gradle.api.internal.file.AbstractFileCollection.visitStructure(AbstractFileCollection.java:361)
	at org.gradle.internal.fingerprint.impl.DefaultFileCollectionSnapshotter.snapshot(DefaultFileCollectionSnapshotter.java:48)
	at org.gradle.internal.execution.impl.DefaultInputFingerprinter$InputCollectingVisitor.visitInputFileProperty(DefaultInputFingerprinter.java:153)
	at org.gradle.api.internal.tasks.execution.TaskExecution.visitRegularInputs(TaskExecution.java:332)
	at org.gradle.internal.execution.impl.DefaultInputFingerprinter.fingerprintInputProperties(DefaultInputFingerprinter.java:79)
	at org.gradle.internal.execution.steps.AbstractCaptureStateBeforeExecutionStep.captureExecutionStateWithOutputs(AbstractCaptureStateBeforeExecutionStep.java:121)
	at org.gradle.internal.execution.steps.AbstractCaptureStateBeforeExecutionStep.lambda$captureExecutionState$0(AbstractCaptureStateBeforeExecutionStep.java:86)
	at org.gradle.internal.execution.steps.BuildOperationStep$1.call(BuildOperationStep.java:37)
	at org.gradle.internal.operations.DefaultBuildOperationRunner$CallableBuildOperationWorker.execute(DefaultBuildOperationRunner.java:209)
	at org.gradle.internal.operations.DefaultBuildOperationRunner$CallableBuildOperationWorker.execute(DefaultBuildOperationRunner.java:204)
	at org.gradle.internal.operations.DefaultBuildOperationRunner$2.execute(DefaultBuildOperationRunner.java:66)
	at org.gradle.internal.operations.DefaultBuildOperationRunner$2.execute(DefaultBuildOperationRunner.java:59)
	at org.gradle.internal.operations.DefaultBuildOperationRunner.execute(DefaultBuildOperationRunner.java:166)
	at org.gradle.internal.operations.DefaultBuildOperationRunner.execute(DefaultBuildOperationRunner.java:59)
	at org.gradle.internal.operations.DefaultBuildOperationRunner.call(DefaultBuildOperationRunner.java:53)
	at org.gradle.internal.execution.steps.BuildOperationStep.operation(BuildOperationStep.java:34)
	at org.gradle.internal.execution.steps.AbstractCaptureStateBeforeExecutionStep.captureExecutionState(AbstractCaptureStateBeforeExecutionStep.java:81)
	at org.gradle.internal.execution.steps.AbstractCaptureStateBeforeExecutionStep.execute(AbstractCaptureStateBeforeExecutionStep.java:65)
	at org.gradle.internal.execution.steps.AbstractCaptureStateBeforeExecutionStep.execute(AbstractCaptureStateBeforeExecutionStep.java:45)
	at org.gradle.internal.execution.steps.AbstractSkipEmptyWorkStep.executeWithNonEmptySources(AbstractSkipEmptyWorkStep.java:136)
	at org.gradle.internal.execution.steps.AbstractSkipEmptyWorkStep.execute(AbstractSkipEmptyWorkStep.java:61)
	at org.gradle.internal.execution.steps.AbstractSkipEmptyWorkStep.execute(AbstractSkipEmptyWorkStep.java:38)
	at org.gradle.internal.execution.steps.legacy.MarkSnapshottingInputsStartedStep.execute(MarkSnapshottingInputsStartedStep.java:38)
	at org.gradle.internal.execution.steps.LoadPreviousExecutionStateStep.execute(LoadPreviousExecutionStateStep.java:36)
	at org.gradle.internal.execution.steps.LoadPreviousExecutionStateStep.execute(LoadPreviousExecutionStateStep.java:23)
	at org.gradle.internal.execution.steps.HandleStaleOutputsStep.execute(HandleStaleOutputsStep.java:75)
	at org.gradle.internal.execution.steps.HandleStaleOutputsStep.execute(HandleStaleOutputsStep.java:41)
	at org.gradle.internal.execution.steps.AssignMutableWorkspaceStep.lambda$execute$0(AssignMutableWorkspaceStep.java:35)
	at org.gradle.api.internal.tasks.execution.TaskExecution$4.withWorkspace(TaskExecution.java:297)
	at org.gradle.internal.execution.steps.AssignMutableWorkspaceStep.execute(AssignMutableWorkspaceStep.java:31)
	at org.gradle.internal.execution.steps.AssignMutableWorkspaceStep.execute(AssignMutableWorkspaceStep.java:22)
	at org.gradle.internal.execution.steps.ChoosePipelineStep.execute(ChoosePipelineStep.java:40)
	at org.gradle.internal.execution.steps.ChoosePipelineStep.execute(ChoosePipelineStep.java:23)
	at org.gradle.internal.execution.steps.ExecuteWorkBuildOperationFiringStep.lambda$execute$2(ExecuteWorkBuildOperationFiringStep.java:67)
	at org.gradle.internal.execution.steps.ExecuteWorkBuildOperationFiringStep.execute(ExecuteWorkBuildOperationFiringStep.java:67)
	at org.gradle.internal.execution.steps.ExecuteWorkBuildOperationFiringStep.execute(ExecuteWorkBuildOperationFiringStep.java:39)
	at org.gradle.internal.execution.steps.IdentityCacheStep.execute(IdentityCacheStep.java:46)
	at org.gradle.internal.execution.steps.IdentityCacheStep.execute(IdentityCacheStep.java:34)
	at org.gradle.internal.execution.steps.IdentifyStep.execute(IdentifyStep.java:47)
	at org.gradle.internal.execution.steps.IdentifyStep.execute(IdentifyStep.java:34)
	at org.gradle.internal.execution.impl.DefaultExecutionEngine$1.execute(DefaultExecutionEngine.java:64)
	at org.gradle.api.internal.tasks.execution.ExecuteActionsTaskExecuter.executeIfValid(ExecuteActionsTaskExecuter.java:132)
	at org.gradle.api.internal.tasks.execution.ExecuteActionsTaskExecuter.execute(ExecuteActionsTaskExecuter.java:121)
	at org.gradle.api.internal.tasks.execution.ProblemsTaskPathTrackingTaskExecuter.execute(ProblemsTaskPathTrackingTaskExecuter.java:41)
	at org.gradle.api.internal.tasks.execution.FinalizePropertiesTaskExecuter.execute(FinalizePropertiesTaskExecuter.java:46)
	at org.gradle.api.internal.tasks.execution.ResolveTaskExecutionModeExecuter.execute(ResolveTaskExecutionModeExecuter.java:51)
	at org.gradle.api.internal.tasks.execution.SkipTaskWithNoActionsExecuter.execute(SkipTaskWithNoActionsExecuter.java:57)
	at org.gradle.api.internal.tasks.execution.SkipOnlyIfTaskExecuter.execute(SkipOnlyIfTaskExecuter.java:74)
	at org.gradle.api.internal.tasks.execution.CatchExceptionTaskExecuter.execute(CatchExceptionTaskExecuter.java:36)
	... 22 more


BUILD FAILED in 431ms
16 actionable tasks: 2 executed, 14 up-to-date
