> Task :checkKotlinGradlePluginConfigurationErrors SKIPPED
> Task :preBuild UP-TO-DATE
> Task :preReleaseBuild UP-TO-DATE
> Task :generateReleaseResValues UP-TO-DATE
> Task :generateReleaseResources UP-TO-DATE
> Task :packageReleaseResources UP-TO-DATE
> Task :parseReleaseLocalResources UP-TO-DATE
> Task :generateReleaseRFile UP-TO-DATE

> Task :compileReleaseKotlin FAILED
e: file:///home/zaquwan/Desktop/Projects/Android/startup-sdk-oxylab/src/main/java/com/oxylab/sdk/startup/core/OxylabKit.kt:29:27 Unresolved reference 'initialize'.
e: file:///home/zaquwan/Desktop/Projects/Android/startup-sdk-oxylab/src/main/java/com/oxylab/sdk/startup/language/OxylabBaseLanguageActivity.kt:79:48 No value passed for parameter 'configProvider'.
e: file:///home/zaquwan/Desktop/Projects/Android/startup-sdk-oxylab/src/main/java/com/oxylab/sdk/startup/language/OxylabBaseLanguageActivity.kt:79:48 No value passed for parameter 'adsManager'.
e: file:///home/zaquwan/Desktop/Projects/Android/startup-sdk-oxylab/src/main/java/com/oxylab/sdk/startup/language/OxylabBaseLanguageActivity.kt:79:48 No value passed for parameter 'networkMonitor'.
e: file:///home/zaquwan/Desktop/Projects/Android/startup-sdk-oxylab/src/main/java/com/oxylab/sdk/startup/language/OxylabBaseLanguageActivity.kt:79:48 No value passed for parameter 'layoutConfig'.
e: file:///home/zaquwan/Desktop/Projects/Android/startup-sdk-oxylab/src/main/java/com/oxylab/sdk/startup/onboarding/OxylabBaseOnboardingActivity.kt:86:48 No value passed for parameter 'configProvider'.
e: file:///home/zaquwan/Desktop/Projects/Android/startup-sdk-oxylab/src/main/java/com/oxylab/sdk/startup/onboarding/OxylabBaseOnboardingActivity.kt:86:48 No value passed for parameter 'adsManager'.
e: file:///home/zaquwan/Desktop/Projects/Android/startup-sdk-oxylab/src/main/java/com/oxylab/sdk/startup/onboarding/OxylabBaseOnboardingActivity.kt:86:48 No value passed for parameter 'networkMonitor'.
e: file:///home/zaquwan/Desktop/Projects/Android/startup-sdk-oxylab/src/main/java/com/oxylab/sdk/startup/onboarding/OxylabBaseOnboardingActivity.kt:86:48 No value passed for parameter 'layoutConfig'.
e: file:///home/zaquwan/Desktop/Projects/Android/startup-sdk-oxylab/src/main/java/com/oxylab/sdk/startup/onboarding/OxylabBaseOnboardingActivity.kt:87:60 No value passed for parameter 'configProvider'.
e: file:///home/zaquwan/Desktop/Projects/Android/startup-sdk-oxylab/src/main/java/com/oxylab/sdk/startup/onboarding/OxylabBaseOnboardingActivity.kt:87:60 No value passed for parameter 'timingProvider'.
e: file:///home/zaquwan/Desktop/Projects/Android/startup-sdk-oxylab/src/main/java/com/oxylab/sdk/startup/onboarding/OxylabBaseOnboardingActivity.kt:87:60 No value passed for parameter 'adsManager'.
e: file:///home/zaquwan/Desktop/Projects/Android/startup-sdk-oxylab/src/main/java/com/oxylab/sdk/startup/onboarding/OxylabBaseOnboardingActivity.kt:87:60 No value passed for parameter 'dialogStyleResId'.
e: file:///home/zaquwan/Desktop/Projects/Android/startup-sdk-oxylab/src/main/java/com/oxylab/sdk/startup/onboarding/OxylabBaseOnboardingActivity.kt:87:60 No value passed for parameter 'dialogLayoutResId'.

FAILURE: Build failed with an exception.

* What went wrong:
Execution failed for task ':compileReleaseKotlin'.
> A failure occurred while executing org.jetbrains.kotlin.compilerRunner.GradleCompilerRunnerWithWorkers$GradleKotlinCompilerWorkAction
   > Compilation error. See log for more details

* Try:
> Run with --stacktrace option to get the stack trace.
> Run with --info or --debug option to get more log output.
> Run with --scan to generate a Build Scan (Powered by Develocity).
> Get more help at https://help.gradle.org.

BUILD FAILED in 1s
6 actionable tasks: 1 executed, 5 up-to-date
